cargo :    Compiling 
vora-recon v0.4.0 (C:\Use
rs\SamRo\Downloads\VORA_R
econ)
At line:1 char:1
+ cargo build --release 
--color never > 
build_error.log 2>&1; 
Get-Conte ...
+ ~~~~~~~~~~~~~~~~~~~~~~~
~~~~~~~~~~~~~~~~~~~~~~~~~
~~~~~~~~~~
    + CategoryInfo       
       : NotSpecified:   
  (   Compiling vo...a   
 ds\VORA_Recon):Strin    
g) [], RemoteExcepti    
on
    + FullyQualifiedErro 
   rId : NativeCommandE  
  rror
 
error[E0432]: unresolved 
import `winapi::um::conso
leapi::FreeConsole`
 --> 
src\bin\launcher.rs:8:5
  |
8 | use winapi::um::conso
leapi::FreeConsole;
  |     ^^^^^^^^^^^^^^^^^
^^^^^^^^^^^^^^^^^^ no 
`FreeConsole` in 
`um::consoleapi`

For more information 
about this error, try 
`rustc --explain E0432`.
error: could not compile 
`vora-recon` (bin 
"launcher") due to 1 
previous error
